
-------------------1----------------------

	  main  q:  0
	  running = 1
main thread go to sleep : error

-------------------2----------------------

	  f  q:  1
	  running = 1
f go to sleep for 3 quantums

-------------------3----------------------

	  g  q:  2
	  running = 1
 g resume thread in sleeping : no effect

-------------------4----------------------

	  main  q:  0
	  running = 2
terminate a thread with id not exist:error

-------------------5----------------------

	  g  q:  2
	  running = 2

-------------------6----------------------

	  main  q:  0
	  running = 3

-------------------7----------------------

	  f  q:  1
	  running = 2
f BLOCKED

-------------------8----------------------

	  g  q:  2
	  running = 3

-------------------9----------------------

	  main  q:  0
	  running = 4

-------------------10----------------------

	  g  q:  2
	  running = 4
 f resume by g

-------------------11----------------------

	  main  q:  0
	  running = 5

-------------------12----------------------

	  f  q:  1
	  running = 3
f block the main thread :error

-------------------13----------------------

	  g  q:  2
	  running = 5

-------------------14----------------------

	  main  q:  0
	  running = 6

-------------------15----------------------

	  f  q:  1
	  running = 4

-------------------16----------------------

	  g  q:  2
	  running = 6

-------------------17----------------------

	  main  q:  0
	  running = 7

-------------------18----------------------

	  f  q:  1
	  running = 5

-------------------19----------------------

	  g  q:  2
	  running = 7

-------------------20----------------------

	  main  q:  0
	  running = 8

-------------------21----------------------

	  f  q:  1
	  running = 6

-------------------22----------------------

	  g  q:  2
	  running = 8
   *** g terminate itself ****

-------------------23----------------------

	  main  q:  0
	  running = 9

-------------------24----------------------

	  f  q:  1
	  running = 7
   *** f terminate itself ****

-------------------25----------------------

	  main  q:  0
	  running = 10
   *** main terminate itself ****
total quantums:  25
